19:29:23 **** Incremental Build of configuration Debug for project Linijka_Diody ****
make -j12 all 
arm-none-eabi-gcc "../Core/Src/main.c" -mcpu=cortex-m4 -std=gnu11 -g3 -DDEBUG -DUSE_HAL_DRIVER -DSTM32L476xx -c -I../Core/Inc -I../Drivers/STM32L4xx_HAL_Driver/Inc -I../Drivers/STM32L4xx_HAL_Driver/Inc/Legacy -I../Drivers/CMSIS/Device/ST/STM32L4xx/Include -I../Drivers/CMSIS/Include -O0 -ffunction-sections -fdata-sections -Wall -fstack-usage -fcyclomatic-complexity -MMD -MP -MF"Core/Src/main.d" -MT"Core/Src/main.o" --specs=nano.specs -mfpu=fpv4-sp-d16 -mfloat-abi=hard -mthumb -o "Core/Src/main.o"
arm-none-eabi-gcc -o "Linijka_Diody.elf" @"objects.list"   -mcpu=cortex-m4 -T"C:\Users\doria\STM32CubeIDE\workspace_1.16.0\Linijka_Diody\STM32L476RGTX_FLASH.ld" --specs=nosys.specs -Wl,-Map="Linijka_Diody.map" -Wl,--gc-sections -static --specs=nano.specs -mfpu=fpv4-sp-d16 -mfloat-abi=hard -mthumb -Wl,--start-group -lc -lm -Wl,--end-group
Finished building target: Linijka_Diody.elf
 
arm-none-eabi-size  Linijka_Diody.elf 
arm-none-eabi-objdump -h -S Linijka_Diody.elf  > "Linijka_Diody.list"
   text	   data	    bss	    dec	    hex	filename
   6528	     12	   1572	   8112	   1fb0	Linijka_Diody.elf
Finished building: default.size.stdout
 
Finished building: Linijka_Diody.list
 
19:29:26 **** Incremental Build of configuration Debug for project Linijka_Diody ****
make -j12 all 
arm-none-eabi-size  Linijka_Diody.elf 
   text	   data	    bss	    dec	    hex	filename
   6528	     12	   1572	   8112	   1fb0	Linijka_Diody.elf
Finished building: default.size.stdout
 
