11:17:22 **** Incremental Build of configuration Debug for project STM_I2C_12 ****
make -j12 all 
arm-none-eabi-gcc "../Core/Src/main.c" -mcpu=cortex-m4 -std=gnu11 -g3 -DDEBUG -DUSE_HAL_DRIVER -DSTM32L476xx -c -I../Core/Inc -I../Drivers/STM32L4xx_HAL_Driver/Inc -I../Drivers/STM32L4xx_HAL_Driver/Inc/Legacy -I../Drivers/CMSIS/Device/ST/STM32L4xx/Include -I../Drivers/CMSIS/Include -O0 -ffunction-sections -fdata-sections -Wall -fstack-usage -fcyclomatic-complexity -MMD -MP -MF"Core/Src/main.d" -MT"Core/Src/main.o" --specs=nano.specs -mfpu=fpv4-sp-d16 -mfloat-abi=hard -mthumb -o "Core/Src/main.o"
arm-none-eabi-gcc -o "STM_I2C_12.elf" @"objects.list"   -mcpu=cortex-m4 -T"C:\Users\doria\STM32CubeIDE\workspace_1.16.0\STM_I2C_12\STM32L476RGTX_FLASH.ld" --specs=nosys.specs -Wl,-Map="STM_I2C_12.map" -Wl,--gc-sections -static --specs=nano.specs -mfpu=fpv4-sp-d16 -mfloat-abi=hard -mthumb -Wl,--start-group -lc -lm -Wl,--end-group
Finished building target: STM_I2C_12.elf
 
arm-none-eabi-size  STM_I2C_12.elf 
arm-none-eabi-objdump -h -S STM_I2C_12.elf  > "STM_I2C_12.list"
   text	   data	    bss	    dec	    hex	filename
  20696	    104	   2136	  22936	   5998	STM_I2C_12.elf
Finished building: default.size.stdout
 
Finished building: STM_I2C_12.list
 
11:17:25 **** Incremental Build of configuration Debug for project STM_I2C_12 ****
make -j12 all 
arm-none-eabi-size  STM_I2C_12.elf 
   text	   data	    bss	    dec	    hex	filename
  20696	    104	   2136	  22936	   5998	STM_I2C_12.elf
Finished building: default.size.stdout
 
11:18:25 **** Incremental Build of configuration Debug for project STM_I2C_12 ****
make -j12 all 
arm-none-eabi-gcc "../Core/Src/main.c" -mcpu=cortex-m4 -std=gnu11 -g3 -DDEBUG -DUSE_HAL_DRIVER -DSTM32L476xx -c -I../Core/Inc -I../Drivers/STM32L4xx_HAL_Driver/Inc -I../Drivers/STM32L4xx_HAL_Driver/Inc/Legacy -I../Drivers/CMSIS/Device/ST/STM32L4xx/Include -I../Drivers/CMSIS/Include -O0 -ffunction-sections -fdata-sections -Wall -fstack-usage -fcyclomatic-complexity -MMD -MP -MF"Core/Src/main.d" -MT"Core/Src/main.o" --specs=nano.specs -mfpu=fpv4-sp-d16 -mfloat-abi=hard -mthumb -o "Core/Src/main.o"
arm-none-eabi-gcc -o "STM_I2C_12.elf" @"objects.list"   -mcpu=cortex-m4 -T"C:\Users\doria\STM32CubeIDE\workspace_1.16.0\STM_I2C_12\STM32L476RGTX_FLASH.ld" --specs=nosys.specs -Wl,-Map="STM_I2C_12.map" -Wl,--gc-sections -static --specs=nano.specs -mfpu=fpv4-sp-d16 -mfloat-abi=hard -mthumb -Wl,--start-group -lc -lm -Wl,--end-group
Finished building target: STM_I2C_12.elf
 
arm-none-eabi-size  STM_I2C_12.elf 
arm-none-eabi-objdump -h -S STM_I2C_12.elf  > "STM_I2C_12.list"
   text	   data	    bss	    dec	    hex	filename
  20696	    104	   2136	  22936	   5998	STM_I2C_12.elf
Finished building: default.size.stdout
 
Finished building: STM_I2C_12.list
 
11:21:12 **** Incremental Build of configuration Debug for project STM_I2C_12 ****
make -j12 all 
arm-none-eabi-gcc "../Core/Src/main.c" -mcpu=cortex-m4 -std=gnu11 -g3 -DDEBUG -DUSE_HAL_DRIVER -DSTM32L476xx -c -I../Core/Inc -I../Drivers/STM32L4xx_HAL_Driver/Inc -I../Drivers/STM32L4xx_HAL_Driver/Inc/Legacy -I../Drivers/CMSIS/Device/ST/STM32L4xx/Include -I../Drivers/CMSIS/Include -O0 -ffunction-sections -fdata-sections -Wall -fstack-usage -fcyclomatic-complexity -MMD -MP -MF"Core/Src/main.d" -MT"Core/Src/main.o" --specs=nano.specs -mfpu=fpv4-sp-d16 -mfloat-abi=hard -mthumb -o "Core/Src/main.o"
arm-none-eabi-gcc -o "STM_I2C_12.elf" @"objects.list"   -mcpu=cortex-m4 -T"C:\Users\doria\STM32CubeIDE\workspace_1.16.0\STM_I2C_12\STM32L476RGTX_FLASH.ld" --specs=nosys.specs -Wl,-Map="STM_I2C_12.map" -Wl,--gc-sections -static --specs=nano.specs -mfpu=fpv4-sp-d16 -mfloat-abi=hard -mthumb -Wl,--start-group -lc -lm -Wl,--end-group
Finished building target: STM_I2C_12.elf
 
arm-none-eabi-size  STM_I2C_12.elf 
arm-none-eabi-objdump -h -S STM_I2C_12.elf  > "STM_I2C_12.list"
   text	   data	    bss	    dec	    hex	filename
  20716	    104	   2136	  22956	   59ac	STM_I2C_12.elf
Finished building: default.size.stdout
 
Finished building: STM_I2C_12.list
 
11:25:38 **** Incremental Build of configuration Debug for project STM_I2C_12 ****
make -j12 all 
arm-none-eabi-gcc "../Core/Src/main.c" -mcpu=cortex-m4 -std=gnu11 -g3 -DDEBUG -DUSE_HAL_DRIVER -DSTM32L476xx -c -I../Core/Inc -I../Drivers/STM32L4xx_HAL_Driver/Inc -I../Drivers/STM32L4xx_HAL_Driver/Inc/Legacy -I../Drivers/CMSIS/Device/ST/STM32L4xx/Include -I../Drivers/CMSIS/Include -O0 -ffunction-sections -fdata-sections -Wall -fstack-usage -fcyclomatic-complexity -MMD -MP -MF"Core/Src/main.d" -MT"Core/Src/main.o" --specs=nano.specs -mfpu=fpv4-sp-d16 -mfloat-abi=hard -mthumb -o "Core/Src/main.o"
../Core/Src/main.c: In function 'button_counter':
../Core/Src/main.c:96:25: warning: variable 'last_button_press_time' set but not used [-Wunused-but-set-variable]
   96 |         static uint32_t last_button_press_time = 0;  // Czas ostatniego wciśnięcia
      |                         ^~~~~~~~~~~~~~~~~~~~~~
arm-none-eabi-gcc -o "STM_I2C_12.elf" @"objects.list"   -mcpu=cortex-m4 -T"C:\Users\doria\STM32CubeIDE\workspace_1.16.0\STM_I2C_12\STM32L476RGTX_FLASH.ld" --specs=nosys.specs -Wl,-Map="STM_I2C_12.map" -Wl,--gc-sections -static --specs=nano.specs -mfpu=fpv4-sp-d16 -mfloat-abi=hard -mthumb -Wl,--start-group -lc -lm -Wl,--end-group
Finished building target: STM_I2C_12.elf
 
arm-none-eabi-size  STM_I2C_12.elf 
arm-none-eabi-objdump -h -S STM_I2C_12.elf  > "STM_I2C_12.list"
   text	   data	    bss	    dec	    hex	filename
  20724	    104	   2144	  22972	   59bc	STM_I2C_12.elf
Finished building: default.size.stdout
 
Finished building: STM_I2C_12.list
 
