../Core/Src/main.c:74:6:START_TIMERS	8	static
../Core/Src/main.c:83:6:HAL_TIM_PeriodElapsedCallback	16	static
../Core/Src/main.c:143:5:__io_putchar	16	static
../Core/Src/main.c:159:5:main	16	static
../Core/Src/main.c:213:6:SystemClock_Config	96	static
../Core/Src/main.c:264:13:MX_TIM3_Init	64	static
../Core/Src/main.c:331:13:MX_TIM4_Init	56	static
../Core/Src/main.c:380:13:MX_TIM6_Init	24	static
../Core/Src/main.c:418:13:MX_TIM7_Init	24	static
../Core/Src/main.c:456:13:MX_USART2_UART_Init	8	static
../Core/Src/main.c:491:13:MX_GPIO_Init	40	static
../Core/Src/main.c:524:6:Error_Handler	4	static,ignoring_inline_asm
