../Core/Src/main.c:76:6:START_TIMERS	8	static
../Core/Src/main.c:85:6:HAL_TIM_PeriodElapsedCallback	24	static
../Core/Src/main.c:105:10:calc_pwm	16	static
../Core/Src/main.c:113:5:__io_putchar	16	static
../Core/Src/main.c:129:5:main	16	static
../Core/Src/main.c:184:6:SystemClock_Config	96	static
../Core/Src/main.c:235:13:MX_TIM3_Init	64	static
../Core/Src/main.c:302:13:MX_TIM4_Init	56	static
../Core/Src/main.c:351:13:MX_TIM6_Init	24	static
../Core/Src/main.c:389:13:MX_TIM7_Init	24	static
../Core/Src/main.c:427:13:MX_USART2_UART_Init	8	static
../Core/Src/main.c:462:13:MX_GPIO_Init	40	static
../Core/Src/main.c:495:6:Error_Handler	4	static,ignoring_inline_asm
