21:52:33 **** Incremental Build of configuration Debug for project ADC_HOMEWORK_3 ****
make -j12 all 
arm-none-eabi-gcc "../Core/Src/main.c" -mcpu=cortex-m4 -std=gnu11 -g3 -DDEBUG -DUSE_HAL_DRIVER -DSTM32L476xx -c -I../Core/Inc -I../Drivers/STM32L4xx_HAL_Driver/Inc -I../Drivers/STM32L4xx_HAL_Driver/Inc/Legacy -I../Drivers/CMSIS/Device/ST/STM32L4xx/Include -I../Drivers/CMSIS/Include -O0 -ffunction-sections -fdata-sections -Wall -fstack-usage -fcyclomatic-complexity -MMD -MP -MF"Core/Src/main.d" -MT"Core/Src/main.o" --specs=nano.specs -mfpu=fpv4-sp-d16 -mfloat-abi=hard -mthumb -o "Core/Src/main.o"
arm-none-eabi-gcc -o "ADC_HOMEWORK_3.elf" @"objects.list"   -mcpu=cortex-m4 -T"C:\Users\doria\STM32CubeIDE\workspace_1.15.1\ADC_HOMEWORK_3\STM32L476RGTX_FLASH.ld" --specs=nosys.specs -Wl,-Map="ADC_HOMEWORK_3.map" -Wl,--gc-sections -static --specs=nano.specs -mfpu=fpv4-sp-d16 -mfloat-abi=hard -mthumb -Wl,--start-group -lc -lm -Wl,--end-group
Finished building target: ADC_HOMEWORK_3.elf
 
arm-none-eabi-size  ADC_HOMEWORK_3.elf 
arm-none-eabi-objdump -h -S ADC_HOMEWORK_3.elf  > "ADC_HOMEWORK_3.list"
   text	   data	    bss	    dec	    hex	filename
  34204	    104	   2536	  36844	   8fec	ADC_HOMEWORK_3.elf
Finished building: default.size.stdout
 
Finished building: ADC_HOMEWORK_3.list
 

21:52:34 Build Finished. 0 errors, 0 warnings. (took 1s.143ms)

