20:50:36 **** Incremental Build of configuration Debug for project STM_ADC ****
make -j12 all 
arm-none-eabi-size  STM_ADC.elf 
   text	   data	    bss	    dec	    hex	filename
  33164	    468	   2140	  35772	   8bbc	STM_ADC.elf
Finished building: default.size.stdout
 
20:50:48 **** Incremental Build of configuration Debug for project STM_ADC ****
make -j12 all 
arm-none-eabi-size  STM_ADC.elf 
   text	   data	    bss	    dec	    hex	filename
  33164	    468	   2140	  35772	   8bbc	STM_ADC.elf
Finished building: default.size.stdout
 
20:51:15 **** Incremental Build of configuration Debug for project STM_ADC ****
make -j12 all 
arm-none-eabi-size  STM_ADC.elf 
   text	   data	    bss	    dec	    hex	filename
  33164	    468	   2140	  35772	   8bbc	STM_ADC.elf
Finished building: default.size.stdout
 
20:51:47 **** Incremental Build of configuration Debug for project STM_ADC ****
make -j12 all 
arm-none-eabi-size  STM_ADC.elf 
   text	   data	    bss	    dec	    hex	filename
  33164	    468	   2140	  35772	   8bbc	STM_ADC.elf
Finished building: default.size.stdout
 
20:52:44 **** Build of configuration Debug for project test ****
make -j12 all 
arm-none-eabi-size  test.elf 
   text	   data	    bss	    dec	    hex	filename
   6240	     12	   1572	   7824	   1e90	test.elf
Finished building: default.size.stdout
 
21:02:28 **** Incremental Build of configuration Debug for project STM_ADC ****
make -j12 all 
arm-none-eabi-gcc "../Core/Src/main.c" -mcpu=cortex-m4 -std=gnu11 -g3 -DDEBUG -DUSE_HAL_DRIVER -DSTM32L476xx -c -I../Core/Inc -I../Drivers/STM32L4xx_HAL_Driver/Inc -I../Drivers/STM32L4xx_HAL_Driver/Inc/Legacy -I../Drivers/CMSIS/Device/ST/STM32L4xx/Include -I../Drivers/CMSIS/Include -O0 -ffunction-sections -fdata-sections -Wall -fstack-usage -fcyclomatic-complexity -MMD -MP -MF"Core/Src/main.d" -MT"Core/Src/main.o" --specs=nano.specs -mfpu=fpv4-sp-d16 -mfloat-abi=hard -mthumb -o "Core/Src/main.o"
arm-none-eabi-gcc "../Core/Src/stm32l4xx_hal_msp.c" -mcpu=cortex-m4 -std=gnu11 -g3 -DDEBUG -DUSE_HAL_DRIVER -DSTM32L476xx -c -I../Core/Inc -I../Drivers/STM32L4xx_HAL_Driver/Inc -I../Drivers/STM32L4xx_HAL_Driver/Inc/Legacy -I../Drivers/CMSIS/Device/ST/STM32L4xx/Include -I../Drivers/CMSIS/Include -O0 -ffunction-sections -fdata-sections -Wall -fstack-usage -fcyclomatic-complexity -MMD -MP -MF"Core/Src/stm32l4xx_hal_msp.d" -MT"Core/Src/stm32l4xx_hal_msp.o" --specs=nano.specs -mfpu=fpv4-sp-d16 -mfloat-abi=hard -mthumb -o "Core/Src/stm32l4xx_hal_msp.o"
arm-none-eabi-gcc -o "STM_ADC.elf" @"objects.list"   -mcpu=cortex-m4 -T"C:\Users\doria\STM32CubeIDE\workspace_1.15.1\STM_ADC\STM32L476RGTX_FLASH.ld" --specs=nosys.specs -Wl,-Map="STM_ADC.map" -Wl,--gc-sections -static --specs=nano.specs -mfpu=fpv4-sp-d16 -mfloat-abi=hard -mthumb -u _printf_float -Wl,--start-group -lc -lm -Wl,--end-group
Finished building target: STM_ADC.elf
 
arm-none-eabi-size  STM_ADC.elf 
arm-none-eabi-objdump -h -S STM_ADC.elf  > "STM_ADC.list"
   text	   data	    bss	    dec	    hex	filename
  33164	    468	   2140	  35772	   8bbc	STM_ADC.elf
Finished building: default.size.stdout
 
Finished building: STM_ADC.list
 
21:02:52 **** Incremental Build of configuration Debug for project STM_ADC ****
make -j12 all 
arm-none-eabi-size  STM_ADC.elf 
   text	   data	    bss	    dec	    hex	filename
  33164	    468	   2140	  35772	   8bbc	STM_ADC.elf
Finished building: default.size.stdout
 
21:08:01 **** Incremental Build of configuration Debug for project STM_ADC ****
make -j12 all 
arm-none-eabi-gcc "../Core/Src/main.c" -mcpu=cortex-m4 -std=gnu11 -g3 -DDEBUG -DUSE_HAL_DRIVER -DSTM32L476xx -c -I../Core/Inc -I../Drivers/STM32L4xx_HAL_Driver/Inc -I../Drivers/STM32L4xx_HAL_Driver/Inc/Legacy -I../Drivers/CMSIS/Device/ST/STM32L4xx/Include -I../Drivers/CMSIS/Include -O0 -ffunction-sections -fdata-sections -Wall -fstack-usage -fcyclomatic-complexity -MMD -MP -MF"Core/Src/main.d" -MT"Core/Src/main.o" --specs=nano.specs -mfpu=fpv4-sp-d16 -mfloat-abi=hard -mthumb -o "Core/Src/main.o"
arm-none-eabi-gcc -o "STM_ADC.elf" @"objects.list"   -mcpu=cortex-m4 -T"C:\Users\doria\STM32CubeIDE\workspace_1.15.1\STM_ADC\STM32L476RGTX_FLASH.ld" --specs=nosys.specs -Wl,-Map="STM_ADC.map" -Wl,--gc-sections -static --specs=nano.specs -mfpu=fpv4-sp-d16 -mfloat-abi=hard -mthumb -u _printf_float -Wl,--start-group -lc -lm -Wl,--end-group
Finished building target: STM_ADC.elf
 
arm-none-eabi-size  STM_ADC.elf 
arm-none-eabi-objdump -h -S STM_ADC.elf  > "STM_ADC.list"
   text	   data	    bss	    dec	    hex	filename
  33164	    468	   2140	  35772	   8bbc	STM_ADC.elf
Finished building: default.size.stdout
 
Finished building: STM_ADC.list
 
21:19:09 **** Incremental Build of configuration Debug for project STM_ADC ****
make -j12 all 
arm-none-eabi-gcc "../Core/Src/main.c" -mcpu=cortex-m4 -std=gnu11 -g3 -DDEBUG -DUSE_HAL_DRIVER -DSTM32L476xx -c -I../Core/Inc -I../Drivers/STM32L4xx_HAL_Driver/Inc -I../Drivers/STM32L4xx_HAL_Driver/Inc/Legacy -I../Drivers/CMSIS/Device/ST/STM32L4xx/Include -I../Drivers/CMSIS/Include -O0 -ffunction-sections -fdata-sections -Wall -fstack-usage -fcyclomatic-complexity -MMD -MP -MF"Core/Src/main.d" -MT"Core/Src/main.o" --specs=nano.specs -mfpu=fpv4-sp-d16 -mfloat-abi=hard -mthumb -o "Core/Src/main.o"
arm-none-eabi-gcc -o "STM_ADC.elf" @"objects.list"   -mcpu=cortex-m4 -T"C:\Users\doria\STM32CubeIDE\workspace_1.15.1\STM_ADC\STM32L476RGTX_FLASH.ld" --specs=nosys.specs -Wl,-Map="STM_ADC.map" -Wl,--gc-sections -static --specs=nano.specs -mfpu=fpv4-sp-d16 -mfloat-abi=hard -mthumb -u _printf_float -Wl,--start-group -lc -lm -Wl,--end-group
Finished building target: STM_ADC.elf
 
arm-none-eabi-size  STM_ADC.elf 
arm-none-eabi-objdump -h -S STM_ADC.elf  > "STM_ADC.list"
   text	   data	    bss	    dec	    hex	filename
  32660	    468	   2140	  35268	   89c4	STM_ADC.elf
Finished building: default.size.stdout
 
Finished building: STM_ADC.list
 
21:30:04 **** Incremental Build of configuration Debug for project STM_ADC ****
make -j12 all 
arm-none-eabi-gcc "../Core/Src/main.c" -mcpu=cortex-m4 -std=gnu11 -g3 -DDEBUG -DUSE_HAL_DRIVER -DSTM32L476xx -c -I../Core/Inc -I../Drivers/STM32L4xx_HAL_Driver/Inc -I../Drivers/STM32L4xx_HAL_Driver/Inc/Legacy -I../Drivers/CMSIS/Device/ST/STM32L4xx/Include -I../Drivers/CMSIS/Include -O0 -ffunction-sections -fdata-sections -Wall -fstack-usage -fcyclomatic-complexity -MMD -MP -MF"Core/Src/main.d" -MT"Core/Src/main.o" --specs=nano.specs -mfpu=fpv4-sp-d16 -mfloat-abi=hard -mthumb -o "Core/Src/main.o"
arm-none-eabi-gcc "../Core/Src/stm32l4xx_hal_msp.c" -mcpu=cortex-m4 -std=gnu11 -g3 -DDEBUG -DUSE_HAL_DRIVER -DSTM32L476xx -c -I../Core/Inc -I../Drivers/STM32L4xx_HAL_Driver/Inc -I../Drivers/STM32L4xx_HAL_Driver/Inc/Legacy -I../Drivers/CMSIS/Device/ST/STM32L4xx/Include -I../Drivers/CMSIS/Include -O0 -ffunction-sections -fdata-sections -Wall -fstack-usage -fcyclomatic-complexity -MMD -MP -MF"Core/Src/stm32l4xx_hal_msp.d" -MT"Core/Src/stm32l4xx_hal_msp.o" --specs=nano.specs -mfpu=fpv4-sp-d16 -mfloat-abi=hard -mthumb -o "Core/Src/stm32l4xx_hal_msp.o"
arm-none-eabi-gcc -o "STM_ADC.elf" @"objects.list"   -mcpu=cortex-m4 -T"C:\Users\doria\STM32CubeIDE\workspace_1.15.1\STM_ADC\STM32L476RGTX_FLASH.ld" --specs=nosys.specs -Wl,-Map="STM_ADC.map" -Wl,--gc-sections -static --specs=nano.specs -mfpu=fpv4-sp-d16 -mfloat-abi=hard -mthumb -u _printf_float -Wl,--start-group -lc -lm -Wl,--end-group
Finished building target: STM_ADC.elf
 
arm-none-eabi-size  STM_ADC.elf 
arm-none-eabi-objdump -h -S STM_ADC.elf  > "STM_ADC.list"
   text	   data	    bss	    dec	    hex	filename
  33180	    468	   2140	  35788	   8bcc	STM_ADC.elf
Finished building: default.size.stdout
 
Finished building: STM_ADC.list
 
