21:58:37 **** Incremental Build of configuration Debug for project LICZNIKI ****
make -j12 all 
arm-none-eabi-gcc "../Core/Src/main.c" -mcpu=cortex-m4 -std=gnu11 -g3 -DDEBUG -DUSE_HAL_DRIVER -DSTM32L476xx -c -I../Core/Inc -I../Drivers/STM32L4xx_HAL_Driver/Inc -I../Drivers/STM32L4xx_HAL_Driver/Inc/Legacy -I../Drivers/CMSIS/Device/ST/STM32L4xx/Include -I../Drivers/CMSIS/Include -O0 -ffunction-sections -fdata-sections -Wall -fstack-usage -fcyclomatic-complexity -MMD -MP -MF"Core/Src/main.d" -MT"Core/Src/main.o" --specs=nano.specs -mfpu=fpv4-sp-d16 -mfloat-abi=hard -mthumb -o "Core/Src/main.o"
arm-none-eabi-gcc -o "LICZNIKI.elf" @"objects.list"   -mcpu=cortex-m4 -T"C:\Users\doria\STM32CubeIDE\workspace_1.15.1\LICZNIKI\STM32L476RGTX_FLASH.ld" --specs=nosys.specs -Wl,-Map="LICZNIKI.map" -Wl,--gc-sections -static --specs=nano.specs -mfpu=fpv4-sp-d16 -mfloat-abi=hard -mthumb -Wl,--start-group -lc -lm -Wl,--end-group
Finished building target: LICZNIKI.elf
 
arm-none-eabi-size  LICZNIKI.elf 
arm-none-eabi-objdump -h -S LICZNIKI.elf  > "LICZNIKI.list"
   text	   data	    bss	    dec	    hex	filename
  20792	     92	   1956	  22840	   5938	LICZNIKI.elf
Finished building: default.size.stdout
 
Finished building: LICZNIKI.list
 

21:58:38 Build Finished. 0 errors, 0 warnings. (took 700ms)

