20:41:09 **** Incremental Build of configuration Debug for project OSZCZEDZANIE_ENERGII ****
make -j12 all 
arm-none-eabi-gcc "../Core/Src/main.c" -mcpu=cortex-m4 -std=gnu11 -g3 -DDEBUG -DUSE_HAL_DRIVER -DSTM32L476xx -c -I../Core/Inc -I../Drivers/STM32L4xx_HAL_Driver/Inc -I../Drivers/STM32L4xx_HAL_Driver/Inc/Legacy -I../Drivers/CMSIS/Device/ST/STM32L4xx/Include -I../Drivers/CMSIS/Include -O0 -ffunction-sections -fdata-sections -Wall -fstack-usage -fcyclomatic-complexity -MMD -MP -MF"Core/Src/main.d" -MT"Core/Src/main.o" --specs=nano.specs -mfpu=fpv4-sp-d16 -mfloat-abi=hard -mthumb -o "Core/Src/main.o"
arm-none-eabi-gcc -o "OSZCZEDZANIE_ENERGII.elf" @"objects.list"   -mcpu=cortex-m4 -T"C:\Users\doria\STM32CubeIDE\workspace_1.15.1\OSZCZEDZANIE_ENERGII\STM32L476RGTX_FLASH.ld" --specs=nosys.specs -Wl,-Map="OSZCZEDZANIE_ENERGII.map" -Wl,--gc-sections -static --specs=nano.specs -mfpu=fpv4-sp-d16 -mfloat-abi=hard -mthumb -Wl,--start-group -lc -lm -Wl,--end-group
Finished building target: OSZCZEDZANIE_ENERGII.elf
 
arm-none-eabi-size  OSZCZEDZANIE_ENERGII.elf 
arm-none-eabi-objdump -h -S OSZCZEDZANIE_ENERGII.elf  > "OSZCZEDZANIE_ENERGII.list"
   text	   data	    bss	    dec	    hex	filename
   9692	     12	   1604	  11308	   2c2c	OSZCZEDZANIE_ENERGII.elf
Finished building: default.size.stdout
 
Finished building: OSZCZEDZANIE_ENERGII.list
 

20:41:11 Build Finished. 0 errors, 0 warnings. (took 1s.749ms)

