21:19:55 **** Incremental Build of configuration Debug for project STM_ADC_HOMEWORK ****
make -j12 all 
arm-none-eabi-gcc "../Core/Src/main.c" -mcpu=cortex-m4 -std=gnu11 -g3 -DDEBUG -DUSE_HAL_DRIVER -DSTM32L476xx -c -I../Core/Inc -I../Drivers/STM32L4xx_HAL_Driver/Inc -I../Drivers/STM32L4xx_HAL_Driver/Inc/Legacy -I../Drivers/CMSIS/Device/ST/STM32L4xx/Include -I../Drivers/CMSIS/Include -O0 -ffunction-sections -fdata-sections -Wall -fstack-usage -fcyclomatic-complexity -MMD -MP -MF"Core/Src/main.d" -MT"Core/Src/main.o" --specs=nano.specs -mfpu=fpv4-sp-d16 -mfloat-abi=hard -mthumb -o "Core/Src/main.o"
arm-none-eabi-gcc -o "STM_ADC_HOMEWORK.elf" @"objects.list"   -mcpu=cortex-m4 -T"C:\Users\doria\STM32CubeIDE\workspace_1.15.1\STM_ADC_HOMEWORK\STM32L476RGTX_FLASH.ld" --specs=nosys.specs -Wl,-Map="STM_ADC_HOMEWORK.map" -Wl,--gc-sections -static --specs=nano.specs -mfpu=fpv4-sp-d16 -mfloat-abi=hard -mthumb -u _printf_float -Wl,--start-group -lc -lm -Wl,--end-group
Finished building target: STM_ADC_HOMEWORK.elf
 
arm-none-eabi-size  STM_ADC_HOMEWORK.elf 
arm-none-eabi-objdump -h -S STM_ADC_HOMEWORK.elf  > "STM_ADC_HOMEWORK.list"
   text	   data	    bss	    dec	    hex	filename
  38784	    468	   2300	  41552	   a250	STM_ADC_HOMEWORK.elf
Finished building: default.size.stdout
 
Finished building: STM_ADC_HOMEWORK.list
 

21:19:56 Build Finished. 0 errors, 0 warnings. (took 954ms)

