20:19:51 **** Incremental Build of configuration Debug for project STM_ADC ****
make -j12 all 
arm-none-eabi-gcc "../Core/Src/main.c" -mcpu=cortex-m4 -std=gnu11 -g3 -DDEBUG -DUSE_HAL_DRIVER -DSTM32L476xx -c -I../Core/Inc -I../Drivers/STM32L4xx_HAL_Driver/Inc -I../Drivers/STM32L4xx_HAL_Driver/Inc/Legacy -I../Drivers/CMSIS/Device/ST/STM32L4xx/Include -I../Drivers/CMSIS/Include -O0 -ffunction-sections -fdata-sections -Wall -fstack-usage -fcyclomatic-complexity -MMD -MP -MF"Core/Src/main.d" -MT"Core/Src/main.o" --specs=nano.specs -mfpu=fpv4-sp-d16 -mfloat-abi=hard -mthumb -o "Core/Src/main.o"
../Core/Src/main.c: In function 'main':
../Core/Src/main.c:123:17: warning: passing argument 1 of 'HAL_DAC_Start' from incompatible pointer type [-Wincompatible-pointer-types]
  123 |   HAL_DAC_Start(&hadc1, DAC_CHANNEL_1);
      |                 ^~~~~~
      |                 |
      |                 ADC_HandleTypeDef *
In file included from ../Core/Inc/stm32l4xx_hal_conf.h:302,
                 from ../Drivers/STM32L4xx_HAL_Driver/Inc/stm32l4xx_hal.h:29,
                 from ../Core/Inc/main.h:30,
                 from ../Core/Src/main.c:20:
../Drivers/STM32L4xx_HAL_Driver/Inc/stm32l4xx_hal_dac.h:532:52: note: expected 'DAC_HandleTypeDef *' but argument is of type 'ADC_HandleTypeDef *'
  532 | HAL_StatusTypeDef HAL_DAC_Start(DAC_HandleTypeDef *hdac, uint32_t Channel);
      |                                 ~~~~~~~~~~~~~~~~~~~^~~~
../Core/Src/main.c:124:20: warning: passing argument 1 of 'HAL_DAC_SetValue' from incompatible pointer type [-Wincompatible-pointer-types]
  124 |   HAL_DAC_SetValue(&hadc1, DAC_CHANNEL_1, DAC_ALIGN_12B_R, 3000);
      |                    ^~~~~~
      |                    |
      |                    ADC_HandleTypeDef *
../Drivers/STM32L4xx_HAL_Driver/Inc/stm32l4xx_hal_dac.h:540:55: note: expected 'DAC_HandleTypeDef *' but argument is of type 'ADC_HandleTypeDef *'
  540 | HAL_StatusTypeDef HAL_DAC_SetValue(DAC_HandleTypeDef *hdac, uint32_t Channel, uint32_t Alignment, uint32_t Data);
      |                                    ~~~~~~~~~~~~~~~~~~~^~~~
arm-none-eabi-gcc -o "STM_ADC.elf" @"objects.list"   -mcpu=cortex-m4 -T"C:\Users\doria\STM32CubeIDE\workspace_1.15.1\STM_ADC\STM32L476RGTX_FLASH.ld" --specs=nosys.specs -Wl,-Map="STM_ADC.map" -Wl,--gc-sections -static --specs=nano.specs -mfpu=fpv4-sp-d16 -mfloat-abi=hard -mthumb -u _printf_float -Wl,--start-group -lc -lm -Wl,--end-group
Finished building target: STM_ADC.elf
 
arm-none-eabi-size  STM_ADC.elf 
arm-none-eabi-objdump -h -S STM_ADC.elf  > "STM_ADC.list"
   text	   data	    bss	    dec	    hex	filename
  36600	    468	   2276	  39344	   99b0	STM_ADC.elf
Finished building: default.size.stdout
 
Finished building: STM_ADC.list
 

20:19:52 Build Finished. 0 errors, 2 warnings. (took 956ms)

