../Core/Src/main.c:70:5:__io_putchar	16	static
../Core/Src/main.c:81:6:HAL_TIM_PeriodElapsedCallback	16	static
../Core/Src/main.c:92:6:HAL_ADC_ConvCpltCallback	24	static
../Core/Src/main.c:108:5:main	8	static
../Core/Src/main.c:163:6:SystemClock_Config	96	static
../Core/Src/main.c:214:13:MX_ADC1_Init	48	static
../Core/Src/main.c:281:13:MX_TIM2_Init	40	static
../Core/Src/main.c:326:13:MX_TIM3_Init	40	static
../Core/Src/main.c:371:13:MX_USART2_UART_Init	8	static
../Core/Src/main.c:406:13:MX_GPIO_Init	40	static
../Core/Src/main.c:448:6:Error_Handler	4	static,ignoring_inline_asm
