../Core/Src/main.c:78:5:__io_putchar	16	static
../Core/Src/main.c:92:6:HAL_ADC_ConvCpltCallback	24	static
../Core/Src/main.c:116:5:main	8	static
../Core/Src/main.c:173:6:SystemClock_Config	96	static
../Core/Src/main.c:224:13:MX_ADC1_Init	48	static
../Core/Src/main.c:291:13:MX_COMP1_Init	8	static
../Core/Src/main.c:325:13:MX_DAC1_Init	48	static
../Core/Src/main.c:368:13:MX_TIM2_Init	40	static
../Core/Src/main.c:413:13:MX_TIM3_Init	48	static
../Core/Src/main.c:462:13:MX_USART2_UART_Init	8	static
../Core/Src/main.c:495:13:MX_DMA_Init	16	static
../Core/Src/main.c:513:13:MX_GPIO_Init	24	static
../Core/Src/main.c:535:6:Error_Handler	4	static,ignoring_inline_asm
