../Core/Src/main.c:70:5:__io_putchar	16	static
../Core/Src/main.c:82:6:line_append	16	static
../Core/Src/main.c:106:6:HAL_GPIO_EXTI_Callback	16	static
../Core/Src/main.c:122:6:send_next_message	8	static
../Core/Src/main.c:143:6:HAL_UART_TxCpltCallback	16	static
../Core/Src/main.c:151:6:HAL_UART_RxCpltCallback	16	static
../Core/Src/main.c:167:5:main	8	static
../Core/Src/main.c:224:6:SystemClock_Config	96	static
../Core/Src/main.c:275:13:MX_USART2_UART_Init	8	static
../Core/Src/main.c:310:13:MX_GPIO_Init	40	static
../Core/Src/main.c:361:6:Error_Handler	4	static,ignoring_inline_asm
