../Core/Src/main.c:71:5:__io_putchar	16	static
../Core/Src/main.c:86:5:main	8	static
../Core/Src/main.c:142:6:SystemClock_Config	96	static
../Core/Src/main.c:193:13:MX_ADC1_Init	48	static
../Core/Src/main.c:273:13:MX_COMP1_Init	8	static
../Core/Src/main.c:307:13:MX_DAC1_Init	48	static
../Core/Src/main.c:350:13:MX_USART2_UART_Init	8	static
../Core/Src/main.c:383:13:MX_DMA_Init	16	static
../Core/Src/main.c:401:13:MX_GPIO_Init	40	static
../Core/Src/main.c:434:6:Error_Handler	4	static,ignoring_inline_asm
